{"u_token":"peDRWcJGi7fLlhTfZWgFoblIj33XVjur","part_number":"ROB-14450","manufacturer":"SparkFun Electronics","mode":"place-part","plugin":".snap","source":"https://www.snapeda.com"}